--------------------------------------------------------------------------------------------------------------------------
                   Information about our stack: 
    capacity = 15
    size = 4

     [0] = 1

     [1] = 2

     [2] = 3

     [3] = 4

     [4] = 239

     [5] = 239

     [6] = 239

     [7] = 239

     [8] = 239

     [9] = 239

     [10] = 239

     [11] = 239

     [12] = 239

     [13] = 239

     [14] = 239

----------------------------------------------------------------------------------------------------------------------
